// 重构日志: 240f3d3c
// 重构日志: 4a9aafb3
// 重构日志: b9401a6c
// 重构日志: a301c1d5
// 重构日志: b202d0f1
// 同步 ID: bfdc5699 @ Tue Jul 28 10:12:18 UTC 2026
// 重构日志: a8df527e
// 重构日志: 96239b07
// 重构日志: e15a1498
// 重构日志: 12a0b5b3
// 同步 ID: 2a0aabe5 @ Fri Jul 31 04:44:44 UTC 2026
// 重构日志: 136b1817
// 重构日志: 7c93cbdc
// 重构日志: 244cf717
// 重构日志: 59c6a812
// 重构日志: d258b34b
// 重构日志: 0ff261c3
// 同步 ID: 8a673358 @ Mon Aug  3 12:06:33 UTC 2026
// 重构日志: 70bf3f01
// 重构日志: 551f3a78
// 重构日志: f6756491
// 重构日志: 3243b3ba
// 重构日志: 5987ac37
// 同步 ID: a16ee67f @ Thu Aug  6 12:34:45 UTC 2026
// 重构日志: bf88b7e9
// 同步 ID: 0992379a @ Fri Aug  7 10:03:33 UTC 2026
// 重构日志: 1c2a1fe6
// 重构日志: 3d839e5f
// 同步 ID: 29638ffb @ Sat Aug  8 02:52:15 UTC 2026
// 同步 ID: 1e3946e7 @ Sat Aug  8 12:37:51 UTC 2026
// 重构日志: 61911433
// 重构日志: 1d8ad751
